GC Content,AAA
0.333507997922739,0
0.41825396825396827,0
0.4074516836023112,0
0.4470901606263621,0
0.4283526756931012,0
0.451862000249097,0
0.41835147744945567,0
0.3457766790276061,0
0.33523339176200756,0
0.45761336902733835,0
