Human Host
False
False
False
False
False
False
False
False
True
False
