,A,AAA,AAC,AAG,AAT,ACA,ACC,ACG,ACT,AGA,AGC,AGG,AGT,ATA,ATC,ATT,Accessions,C,CAA,CAC,CAG,CAT,CCA,CCC,CCG,CCT,CGA,CGC,CGT,CTA,CTC,CTG,CTT,D,E,F,G,GAA,GAC,GAG,GAT,GCA,GCC,GCG,GCT,GGA,GGC,GGG,GGT,GTA,GTC,GTG,GTT,H,I,K,L,M,N,P,Q,R,S,Species,T,TAC,TAT,TCA,TCC,TCG,TCT,TGA,TGC,TGT,TTA,TTC,TTG,TTT,Unnamed: 0,V,W,Y,bridge_AA,bridge_AC,bridge_AG,bridge_AT,bridge_CA,bridge_CC,bridge_CG,bridge_CT,bridge_GA,bridge_GC,bridge_GG,bridge_GT,bridge_TA,bridge_TC,bridge_TG,bridge_TT,coding_AA,coding_AC,coding_AG,coding_AT,coding_CA,coding_CC,coding_CG,coding_CT,coding_GA,coding_GC,coding_GG,coding_GT,coding_TA,coding_TC,coding_TG,coding_TT,entire_AA,entire_AC,entire_AG,entire_AT,entire_CA,entire_CC,entire_CG,entire_CT,entire_GA,entire_GC,entire_GG,entire_GT,entire_TA,entire_TC,entire_TG,entire_TT,nonbridge_AA,nonbridge_AC,nonbridge_AG,nonbridge_AT,nonbridge_CA,nonbridge_CC,nonbridge_CG,nonbridge_CT,nonbridge_GA,nonbridge_GC,nonbridge_GG,nonbridge_GT,nonbridge_TA,nonbridge_TC,nonbridge_TG,nonbridge_TT
0,0.0,0.0,0.0,0.0,0.0,0.0,0.0,0.0,0.0,0.0,0.0,0.0,0.0,0.0,0.0,0.0,KU672593.1,0.0,0.0,0.0,0.0,0.0,0.0,0.0,0.0,0.0,0.0,0.0,0.0,0.0,0.0,0.0,0.0,0.0,0.0,0.0,0.0,0.0,0.0,0.0,0.0,0.0,0.0,0.0,0.0,0.0,0.0,0.0,0.0,0.0,0.0,0.0,0.0,0.0,0.0,0.0,0.0,0.0,0.0,0.0,0.0,0.0,0.0,No CDS Record,0.0,0.0,0.0,0.0,0.0,0.0,0.0,0.0,0.0,0.0,0.0,0.0,0.0,0.0,0,0.0,0.0,0.0,0.0,0.0,0.0,0.0,0.0,0.0,0.0,0.0,0.0,0.0,0.0,0.0,0.0,0.0,0.0,0.0,0.0,0.0,0.0,0.0,0.0,0.0,0.0,0.0,0.0,0.0,0.0,0.0,0.0,0.0,0.0,0.0,0.9486740772178688,0.8369041742289344,1.0908430173874635,1.114344695817558,1.2528140250911906,1.0264594568266947,0.45630149386777225,1.1088193251698075,1.1177518584235844,1.0266783612024681,1.1075467318309267,0.7669729520837979,0.7731548872666766,1.1417320789363625,1.2359353294121662,0.96507743864014,0.0,0.0,0.0,0.0,0.0,0.0,0.0,0.0,0.0,0.0,0.0,0.0,0.0,0.0,0.0,0.0
1,0.040210627094303494,0.535031847133758,0.40816326530612246,0.46496815286624205,0.5918367346938775,0.45054945054945056,0.17582417582417584,0.03296703296703297,0.34065934065934067,0.6326530612244898,0.13875598086124402,0.2653061224489796,0.14832535885167464,0.5068493150684932,0.18493150684931506,0.3082191780821918,HM119401.1,0.0215414073719483,0.547945205479452,0.46,0.4520547945205479,0.54,0.42105263157894735,0.14473684210526316,0.039473684210526314,0.39473684210526316,0.061224489795918366,0.02040816326530612,0.02040816326530612,0.17989417989417988,0.08994708994708994,0.19576719576719576,0.13227513227513227,0.05935854475825754,0.07180469123982768,0.053614169459071326,0.056007659167065585,0.5666666666666667,0.3548387096774194,0.43333333333333335,0.6451612903225806,0.4166666666666667,0.16666666666666666,0.023809523809523808,0.39285714285714285,0.4188034188034188,0.11965811965811966,0.23931623931623933,0.2222222222222222,0.16666666666666666,0.175,0.3333333333333333,0.325,0.023934897079942556,0.06988989947343227,0.07515557683101963,0.09047391096218287,0.027764480612733365,0.04691239827668741,0.036381043561512685,0.034944949736716135,0.04691239827668741,0.10004786979415989,Normal Record,0.043561512685495456,0.296875,0.703125,0.2822966507177033,0.15311004784688995,0.03349282296650718,0.24401913875598086,1.0,0.4888888888888889,0.5111111111111111,0.2275132275132275,0.4107142857142857,0.1746031746031746,0.5892857142857143,1,0.057443752991862135,0.01292484442316898,0.030636668262326472,0.8521892263813852,0.7901284400198024,1.4537340476377392,0.7967492216074489,1.659269724041582,1.0939969422903333,0.3132130505437727,1.0672231048301037,1.012847492206616,0.7772323846826958,0.7793835422754248,0.739194335675588,0.8419548512021978,1.1112323050292836,1.6799871265354236,0.9701779554958659,0.9469634164807497,0.8421999136888989,1.2317815272951886,0.9779518736875539,1.3140513311302418,1.1053841104560957,0.21522139027216652,1.1833402857892485,1.2295936382591404,0.9022742899871627,0.980363227768873,0.8001957995846186,0.6766369720648976,1.2033404032955457,1.2388413375629024,1.0705303496698115,0.951474531496844,0.8504271627622393,1.2233524047908906,0.97579126205963,1.31842953220686,1.1124152835110086,0.21577552213449147,1.1702856139346989,1.2233524047908906,0.8956719786714717,0.9796885414298191,0.8093244404307106,0.6756797139745025,1.1965841670568271,1.2427046246613402,1.0750946476552434,1.0091598316706598,0.8928088896241796,1.0467378533416245,1.094074248369983,1.1931547372857654,1.1596897998925355,0.15518296749518967,1.2898017378319098,1.2862734749527172,0.9373051236709469,0.9802067951491482,0.8053841827702409,0.6210324839781293,1.2998002009158782,0.960879148750634,1.1656215275654618
