,Phenuiviridae,Flaviviridae,Papillomaviridae,Polyomaviridae,Poxviridae,Togaviridae,Peribunyaviridae,Picornaviridae
Train Human Host,1,2,0,0,0,2,1,0
Train Not Human Host,0,1,3,0,0,0,0,0
Test Human Host,2,0,0,1,1,0,0,1
Test Not Human Host,3,0,0,1,1,0,0,0
