,Phenuiviridae,Flaviviridae
Train Human Host,1,2
Train Not Human Host,0,1
Test Human Host,2,0
Test Not Human Host,3,0
