,index,Features,Importances
0,0,kmer_AA_AACDEFG,0.0
1,1,kmer_AA_ADTWKST,0.0
2,2,kmer_PC_AELKTSR,0.0
3,3,kmer_AA_AACDEFG,0.0
4,4,kmer_AA_AACADAG,0.0
5,5,kmer_PC_BACCEFG,0.0
6,6,kmer_AA_BATGKGT,0.0
7,7,kmer_PC_GALKTSR,0.0
8,8,kmer_AA_GGCDEFG,0.0
9,9,kmer_PC_GCCAGGE,0.0
